Unable to open destination file for writing: No such file or directory
