Content from file aux_files/from1.txt was successfully appended to aux_files/to1.txt
